{
    "links": {
        "self": "http:\/\/:\/genres?page[size]=25&page[number]=1",
        "first": "http:\/\/:\/genres?page[size]=25&page[number]=1",
        "last": "http:\/\/:\/genres?page[size]=25&page[number]=1"
    },
    "meta": {
        "count": 25,
        "pages": 1
    },
    "data": [
        {
            "id": "1",
            "type": "genres",
            "attributes": {
                "name": "Rock"
            }
        },
        {
            "id": "2",
            "type": "genres",
            "attributes": {
                "name": "Jazz"
            }
        },
        {
            "id": "3",
            "type": "genres",
            "attributes": {
                "name": "Metal"
            }
        },
        {
            "id": "4",
            "type": "genres",
            "attributes": {
                "name": "Alternative & Punk"
            }
        },
        {
            "id": "5",
            "type": "genres",
            "attributes": {
                "name": "Rock And Roll"
            }
        },
        {
            "id": "6",
            "type": "genres",
            "attributes": {
                "name": "Blues"
            }
        },
        {
            "id": "7",
            "type": "genres",
            "attributes": {
                "name": "Latin"
            }
        },
        {
            "id": "8",
            "type": "genres",
            "attributes": {
                "name": "Reggae"
            }
        },
        {
            "id": "9",
            "type": "genres",
            "attributes": {
                "name": "Pop"
            }
        },
        {
            "id": "10",
            "type": "genres",
            "attributes": {
                "name": "Soundtrack"
            }
        },
        {
            "id": "11",
            "type": "genres",
            "attributes": {
                "name": "Bossa Nova"
            }
        },
        {
            "id": "12",
            "type": "genres",
            "attributes": {
                "name": "Easy Listening"
            }
        },
        {
            "id": "13",
            "type": "genres",
            "attributes": {
                "name": "Heavy Metal"
            }
        },
        {
            "id": "14",
            "type": "genres",
            "attributes": {
                "name": "R&B\/Soul"
            }
        },
        {
            "id": "15",
            "type": "genres",
            "attributes": {
                "name": "Electronica\/Dance"
            }
        },
        {
            "id": "16",
            "type": "genres",
            "attributes": {
                "name": "World"
            }
        },
        {
            "id": "17",
            "type": "genres",
            "attributes": {
                "name": "Hip Hop\/Rap"
            }
        },
        {
            "id": "18",
            "type": "genres",
            "attributes": {
                "name": "Science Fiction"
            }
        },
        {
            "id": "19",
            "type": "genres",
            "attributes": {
                "name": "TV Shows"
            }
        },
        {
            "id": "20",
            "type": "genres",
            "attributes": {
                "name": "Sci Fi & Fantasy"
            }
        },
        {
            "id": "21",
            "type": "genres",
            "attributes": {
                "name": "Drama"
            }
        },
        {
            "id": "22",
            "type": "genres",
            "attributes": {
                "name": "Comedy"
            }
        },
        {
            "id": "23",
            "type": "genres",
            "attributes": {
                "name": "Alternative"
            }
        },
        {
            "id": "24",
            "type": "genres",
            "attributes": {
                "name": "Classical"
            }
        },
        {
            "id": "25",
            "type": "genres",
            "attributes": {
                "name": "Opera"
            }
        }
    ]
}
