{
    "links": {
        "self": "http:\/\/:\/genres\/16"
    },
    "data": {
        "id": "16",
        "type": "genres",
        "attributes": {
            "name": "Hello World!"
        }
    }
}
