{
    "links": {
        "self": "http:\/\/:\/playlists\/2\/relationships\/tracks"
    },
    "data": [
        {
            "id": "422",
            "type": "tracks"
        },
        {
            "id": "1",
            "type": "tracks"
        }
    ]
}
