{
    "links": {
        "self": "http:\/\/:\/tracks\/15\/relationships\/playlists"
    },
    "data": [
        {
            "id": "1",
            "type": "playlists"
        },
        {
            "id": "2",
            "type": "playlists"
        }
    ]
}
