{
    "included": [
        {
            "id": "77",
            "type": "tracks",
            "attributes": {
                "name": "Enter Sandman",
                "composer": "Apocalyptica",
                "milliseconds": 221701,
                "price": "0.99"
            }
        },
        {
            "id": "422",
            "type": "tracks",
            "attributes": {
                "name": "I Want It All",
                "composer": "Queen",
                "milliseconds": 241684,
                "price": "0.99"
            }
        },
        {
            "id": "2014",
            "type": "tracks",
            "attributes": {
                "name": "Something In The Way",
                "composer": "Kurt Cobain",
                "milliseconds": 230556,
                "price": "0.99"
            }
        }
    ],
    "links": {
        "self": "http:\/\/:\/playlists"
    },
    "data": {
        "id": "6",
        "type": "playlists",
        "attributes": {
            "name": "New Playlist"
        },
        "relationships": {
            "tracks": {
                "links": {
                    "self": "http:\/\/:\/playlists\/6\/relationship\/tracks",
                    "related": "http:\/\/:\/playlists\/6\/tracks"
                },
                "data": [
                    {
                        "type": "tracks",
                        "id": "77"
                    },
                    {
                        "type": "tracks",
                        "id": "422"
                    },
                    {
                        "type": "tracks",
                        "id": "2014"
                    }
                ]
            }
        }
    }
}
